../Src/usbd_framework.c:10:6:usbd_initialize	16	static
../Src/usbd_framework.c:18:6:usbd_configure	4	static
../Src/usbd_framework.c:22:13:process_standard_device_request	24	static
../Src/usbd_framework.c:73:13:process_request	16	static
../Src/usbd_framework.c:91:13:process_control_transfer_stage	16	static
../Src/usbd_framework.c:135:6:usbd_poll	8	static
../Src/usbd_framework.c:139:13:usb_reset_received_handler	8	static
../Src/usbd_framework.c:147:13:usb_polled_handler	8	static
../Src/usbd_framework.c:151:13:in_transfer_completed_handler	16	static
../Src/usbd_framework.c:164:13:out_transfer_completed_handler	16	static
../Src/usbd_framework.c:168:13:setup_data_received_handler	16	static
