../Inc/usbd_driver.h:12:43:IN_ENDPOINT	16	static
../Inc/usbd_driver.h:20:44:OUT_ENDPOINT	16	static
../Inc/usbd_driver.h:26:30:FIFO	16	static
../Src/usbd_driver.c:4:6:initialize_gpio_pins	4	static
../Src/usbd_driver.c:17:6:initialize_core	4	static
../Src/usbd_driver.c:71:13:refresh_fifo_start_addresses	16	static
../Src/usbd_driver.c:96:13:configure_rxfifo_size	16	static
../Src/usbd_driver.c:110:13:configure_txfifo_size	16	static
../Src/usbd_driver.c:132:6:connect	4	static
../Src/usbd_driver.c:139:6:disconnect	4	static
../Src/usbd_driver.c:149:13:read_packet	32	static
../Src/usbd_driver.c:180:13:write_packet	24	static
../Src/usbd_driver.c:210:13:flush_rxfifo	4	static
../Src/usbd_driver.c:218:13:flush_txfifo	16	static
../Src/usbd_driver.c:228:13:configure_endpoint0	24	static
../Src/usbd_driver.c:247:13:configure_in_endpoint	24	static
../Src/usbd_driver.c:263:13:deconfigure_endpoint	24	static
../Src/usbd_driver.c:305:13:usbrst_handler	16	static
../Src/usbd_driver.c:316:13:enumdne_handler	8	static
../Src/usbd_driver.c:321:13:rxflvl_handler	24	static
../Src/usbd_driver.c:355:13:gintsts_handler	16	static
