../Inc/usbd_driver.h:13:43:IN_ENDPOINT	16	static
../Inc/usbd_driver.h:21:44:OUT_ENDPOINT	16	static
../Inc/usbd_driver.h:27:30:FIFO	16	static
../Src/usbd_driver.c:4:6:initialize_gpio_pins	4	static
../Src/usbd_driver.c:17:6:initialize_core	4	static
../Src/usbd_driver.c:70:13:set_device_address	16	static
../Src/usbd_driver.c:77:13:refresh_fifo_start_addresses	16	static
../Src/usbd_driver.c:102:13:configure_rxfifo_size	16	static
../Src/usbd_driver.c:116:13:configure_txfifo_size	16	static
../Src/usbd_driver.c:138:6:connect	4	static
../Src/usbd_driver.c:145:6:disconnect	4	static
../Src/usbd_driver.c:155:13:read_packet	32	static
../Src/usbd_driver.c:186:13:write_packet	24	static
../Src/usbd_driver.c:216:13:flush_rxfifo	4	static
../Src/usbd_driver.c:224:13:flush_txfifo	16	static
../Src/usbd_driver.c:234:13:configure_endpoint0	24	static
../Src/usbd_driver.c:253:13:configure_in_endpoint	24	static
../Src/usbd_driver.c:269:13:deconfigure_endpoint	24	static
../Src/usbd_driver.c:311:13:usbrst_handler	16	static
../Src/usbd_driver.c:325:13:enumdne_handler	8	static
../Src/usbd_driver.c:330:13:rxflvl_handler	24	static
../Src/usbd_driver.c:364:13:gintsts_handler	16	static
